Archive member included to satisfy reference by file (symbol)

c:/st/stm32cubeide_1.7.0/stm32cubeide/plugins/com.st.stm32cube.ide.mcu.externaltools.gnu-tools-for-stm32.9-2020-q2-update.win32_2.0.0.202105311346/tools/bin/../lib/gcc/arm-none-eabi/9.3.1/../../../../arm-none-eabi/lib/thumb/v7-m/nofp\libc_nano.a(lib_a-errno.o)
                              ./Core/Src/syscalls.o (__errno)
c:/st/stm32cubeide_1.7.0/stm32cubeide/plugins/com.st.stm32cube.ide.mcu.externaltools.gnu-tools-for-stm32.9-2020-q2-update.win32_2.0.0.202105311346/tools/bin/../lib/gcc/arm-none-eabi/9.3.1/../../../../arm-none-eabi/lib/thumb/v7-m/nofp\libc_nano.a(lib_a-exit.o)
                              c:/st/stm32cubeide_1.7.0/stm32cubeide/plugins/com.st.stm32cube.ide.mcu.externaltools.gnu-tools-for-stm32.9-2020-q2-update.win32_2.0.0.202105311346/tools/bin/../lib/gcc/arm-none-eabi/9.3.1/../../../../arm-none-eabi/lib/thumb/v7-m/nofp/crt0.o (exit)
c:/st/stm32cubeide_1.7.0/stm32cubeide/plugins/com.st.stm32cube.ide.mcu.externaltools.gnu-tools-for-stm32.9-2020-q2-update.win32_2.0.0.202105311346/tools/bin/../lib/gcc/arm-none-eabi/9.3.1/../../../../arm-none-eabi/lib/thumb/v7-m/nofp\libc_nano.a(lib_a-impure.o)
                              c:/st/stm32cubeide_1.7.0/stm32cubeide/plugins/com.st.stm32cube.ide.mcu.externaltools.gnu-tools-for-stm32.9-2020-q2-update.win32_2.0.0.202105311346/tools/bin/../lib/gcc/arm-none-eabi/9.3.1/../../../../arm-none-eabi/lib/thumb/v7-m/nofp\libc_nano.a(lib_a-exit.o) (_global_impure_ptr)
c:/st/stm32cubeide_1.7.0/stm32cubeide/plugins/com.st.stm32cube.ide.mcu.externaltools.gnu-tools-for-stm32.9-2020-q2-update.win32_2.0.0.202105311346/tools/bin/../lib/gcc/arm-none-eabi/9.3.1/../../../../arm-none-eabi/lib/thumb/v7-m/nofp\libc_nano.a(lib_a-init.o)
                              c:/st/stm32cubeide_1.7.0/stm32cubeide/plugins/com.st.stm32cube.ide.mcu.externaltools.gnu-tools-for-stm32.9-2020-q2-update.win32_2.0.0.202105311346/tools/bin/../lib/gcc/arm-none-eabi/9.3.1/../../../../arm-none-eabi/lib/thumb/v7-m/nofp/crt0.o (__libc_init_array)
c:/st/stm32cubeide_1.7.0/stm32cubeide/plugins/com.st.stm32cube.ide.mcu.externaltools.gnu-tools-for-stm32.9-2020-q2-update.win32_2.0.0.202105311346/tools/bin/../lib/gcc/arm-none-eabi/9.3.1/../../../../arm-none-eabi/lib/thumb/v7-m/nofp\libc_nano.a(lib_a-memset.o)
                              c:/st/stm32cubeide_1.7.0/stm32cubeide/plugins/com.st.stm32cube.ide.mcu.externaltools.gnu-tools-for-stm32.9-2020-q2-update.win32_2.0.0.202105311346/tools/bin/../lib/gcc/arm-none-eabi/9.3.1/../../../../arm-none-eabi/lib/thumb/v7-m/nofp/crt0.o (memset)

Allocating common symbols
Common symbol       size              file

uwTick              0x4               ./Drivers/STM32F1xx_HAL_Driver/Src/stm32f1xx_hal.o
pFlash              0x20              ./Drivers/STM32F1xx_HAL_Driver/Src/stm32f1xx_hal_flash.o
htimer2             0x48              ./Core/Src/main.o

Discarded input sections

 .text          0x0000000000000000        0x0 c:/st/stm32cubeide_1.7.0/stm32cubeide/plugins/com.st.stm32cube.ide.mcu.externaltools.gnu-tools-for-stm32.9-2020-q2-update.win32_2.0.0.202105311346/tools/bin/../lib/gcc/arm-none-eabi/9.3.1/thumb/v7-m/nofp/crti.o
 .data          0x0000000000000000        0x0 c:/st/stm32cubeide_1.7.0/stm32cubeide/plugins/com.st.stm32cube.ide.mcu.externaltools.gnu-tools-for-stm32.9-2020-q2-update.win32_2.0.0.202105311346/tools/bin/../lib/gcc/arm-none-eabi/9.3.1/thumb/v7-m/nofp/crti.o
 .bss           0x0000000000000000        0x0 c:/st/stm32cubeide_1.7.0/stm32cubeide/plugins/com.st.stm32cube.ide.mcu.externaltools.gnu-tools-for-stm32.9-2020-q2-update.win32_2.0.0.202105311346/tools/bin/../lib/gcc/arm-none-eabi/9.3.1/thumb/v7-m/nofp/crti.o
 .data          0x0000000000000000        0x4 c:/st/stm32cubeide_1.7.0/stm32cubeide/plugins/com.st.stm32cube.ide.mcu.externaltools.gnu-tools-for-stm32.9-2020-q2-update.win32_2.0.0.202105311346/tools/bin/../lib/gcc/arm-none-eabi/9.3.1/thumb/v7-m/nofp/crtbegin.o
 .text          0x0000000000000000       0x7c c:/st/stm32cubeide_1.7.0/stm32cubeide/plugins/com.st.stm32cube.ide.mcu.externaltools.gnu-tools-for-stm32.9-2020-q2-update.win32_2.0.0.202105311346/tools/bin/../lib/gcc/arm-none-eabi/9.3.1/../../../../arm-none-eabi/lib/thumb/v7-m/nofp/crt0.o
 .data          0x0000000000000000        0x0 c:/st/stm32cubeide_1.7.0/stm32cubeide/plugins/com.st.stm32cube.ide.mcu.externaltools.gnu-tools-for-stm32.9-2020-q2-update.win32_2.0.0.202105311346/tools/bin/../lib/gcc/arm-none-eabi/9.3.1/../../../../arm-none-eabi/lib/thumb/v7-m/nofp/crt0.o
 .bss           0x0000000000000000        0x0 c:/st/stm32cubeide_1.7.0/stm32cubeide/plugins/com.st.stm32cube.ide.mcu.externaltools.gnu-tools-for-stm32.9-2020-q2-update.win32_2.0.0.202105311346/tools/bin/../lib/gcc/arm-none-eabi/9.3.1/../../../../arm-none-eabi/lib/thumb/v7-m/nofp/crt0.o
[...]
Memory Configuration

Name             Origin             Length             Attributes
RAM              0x0000000020000000 0x0000000000005000 xrw
FLASH            0x0000000008000000 0x0000000000010000 xr
*default*        0x0000000000000000 0xffffffffffffffff

Linker script and memory map

LOAD c:/st/stm32cubeide_1.7.0/stm32cubeide/plugins/com.st.stm32cube.ide.mcu.externaltools.gnu-tools-for-stm32.9-2020-q2-update.win32_2.0.0.202105311346/tools/bin/../lib/gcc/arm-none-eabi/9.3.1/thumb/v7-m/nofp/crti.o
LOAD c:/st/stm32cubeide_1.7.0/stm32cubeide/plugins/com.st.stm32cube.ide.mcu.externaltools.gnu-tools-for-stm32.9-2020-q2-update.win32_2.0.0.202105311346/tools/bin/../lib/gcc/arm-none-eabi/9.3.1/thumb/v7-m/nofp/crtbegin.o
LOAD c:/st/stm32cubeide_1.7.0/stm32cubeide/plugins/com.st.stm32cube.ide.mcu.externaltools.gnu-tools-for-stm32.9-2020-q2-update.win32_2.0.0.202105311346/tools/bin/../lib/gcc/arm-none-eabi/9.3.1/../../../../arm-none-eabi/lib/thumb/v7-m/nofp/crt0.o
LOAD ./Core/Src/it.o
LOAD ./Core/Src/main.o
LOAD ./Core/Src/msp.o
LOAD ./Core/Src/syscalls.o
LOAD ./Core/Src/sysmem.o
LOAD ./Core/Src/system_stm32f1xx.o
LOAD ./Core/Startup/startup_stm32f103c8tx.o
LOAD ./Drivers/STM32F1xx_HAL_Driver/Src/stm32f1xx_hal.o
LOAD ./Drivers/STM32F1xx_HAL_Driver/Src/stm32f1xx_hal_cortex.o
LOAD ./Drivers/STM32F1xx_HAL_Driver/Src/stm32f1xx_hal_dma.o
LOAD ./Drivers/STM32F1xx_HAL_Driver/Src/stm32f1xx_hal_exti.o
LOAD ./Drivers/STM32F1xx_HAL_Driver/Src/stm32f1xx_hal_flash.o
LOAD ./Drivers/STM32F1xx_HAL_Driver/Src/stm32f1xx_hal_flash_ex.o
LOAD ./Drivers/STM32F1xx_HAL_Driver/Src/stm32f1xx_hal_gpio.o
LOAD ./Drivers/STM32F1xx_HAL_Driver/Src/stm32f1xx_hal_gpio_ex.o
LOAD ./Drivers/STM32F1xx_HAL_Driver/Src/stm32f1xx_hal_pwr.o
LOAD ./Drivers/STM32F1xx_HAL_Driver/Src/stm32f1xx_hal_rcc.o
LOAD ./Drivers/STM32F1xx_HAL_Driver/Src/stm32f1xx_hal_rcc_ex.o
LOAD ./Drivers/STM32F1xx_HAL_Driver/Src/stm32f1xx_hal_tim.o
LOAD ./Drivers/STM32F1xx_HAL_Driver/Src/stm32f1xx_hal_tim_ex.o
LOAD ./Drivers/STM32F1xx_HAL_Driver/Src/stm32f1xx_hal_uart.o
START GROUP
LOAD c:/st/stm32cubeide_1.7.0/stm32cubeide/plugins/com.st.stm32cube.ide.mcu.externaltools.gnu-tools-for-stm32.9-2020-q2-update.win32_2.0.0.202105311346/tools/bin/../lib/gcc/arm-none-eabi/9.3.1/../../../../arm-none-eabi/lib/thumb/v7-m/nofp\libc_nano.a
LOAD c:/st/stm32cubeide_1.7.0/stm32cubeide/plugins/com.st.stm32cube.ide.mcu.externaltools.gnu-tools-for-stm32.9-2020-q2-update.win32_2.0.0.202105311346/tools/bin/../lib/gcc/arm-none-eabi/9.3.1/../../../../arm-none-eabi/lib/thumb/v7-m/nofp\libm.a
END GROUP
START GROUP
LOAD c:/st/stm32cubeide_1.7.0/stm32cubeide/plugins/com.st.stm32cube.ide.mcu.externaltools.gnu-tools-for-stm32.9-2020-q2-update.win32_2.0.0.202105311346/tools/bin/../lib/gcc/arm-none-eabi/9.3.1/thumb/v7-m/nofp\libgcc.a
LOAD c:/st/stm32cubeide_1.7.0/stm32cubeide/plugins/com.st.stm32cube.ide.mcu.externaltools.gnu-tools-for-stm32.9-2020-q2-update.win32_2.0.0.202105311346/tools/bin/../lib/gcc/arm-none-eabi/9.3.1/../../../../arm-none-eabi/lib/thumb/v7-m/nofp\libc_nano.a
END GROUP
START GROUP
LOAD c:/st/stm32cubeide_1.7.0/stm32cubeide/plugins/com.st.stm32cube.ide.mcu.externaltools.gnu-tools-for-stm32.9-2020-q2-update.win32_2.0.0.202105311346/tools/bin/../lib/gcc/arm-none-eabi/9.3.1/thumb/v7-m/nofp\libgcc.a
LOAD c:/st/stm32cubeide_1.7.0/stm32cubeide/plugins/com.st.stm32cube.ide.mcu.externaltools.gnu-tools-for-stm32.9-2020-q2-update.win32_2.0.0.202105311346/tools/bin/../lib/gcc/arm-none-eabi/9.3.1/../../../../arm-none-eabi/lib/thumb/v7-m/nofp\libc_nano.a
LOAD c:/st/stm32cubeide_1.7.0/stm32cubeide/plugins/com.st.stm32cube.ide.mcu.externaltools.gnu-tools-for-stm32.9-2020-q2-update.win32_2.0.0.202105311346/tools/bin/../lib/gcc/arm-none-eabi/9.3.1/../../../../arm-none-eabi/lib/thumb/v7-m/nofp\libnosys.a
END GROUP
START GROUP
LOAD c:/st/stm32cubeide_1.7.0/stm32cubeide/plugins/com.st.stm32cube.ide.mcu.externaltools.gnu-tools-for-stm32.9-2020-q2-update.win32_2.0.0.202105311346/tools/bin/../lib/gcc/arm-none-eabi/9.3.1/thumb/v7-m/nofp\libgcc.a
LOAD c:/st/stm32cubeide_1.7.0/stm32cubeide/plugins/com.st.stm32cube.ide.mcu.externaltools.gnu-tools-for-stm32.9-2020-q2-update.win32_2.0.0.202105311346/tools/bin/../lib/gcc/arm-none-eabi/9.3.1/../../../../arm-none-eabi/lib/thumb/v7-m/nofp\libc_nano.a
LOAD c:/st/stm32cubeide_1.7.0/stm32cubeide/plugins/com.st.stm32cube.ide.mcu.externaltools.gnu-tools-for-stm32.9-2020-q2-update.win32_2.0.0.202105311346/tools/bin/../lib/gcc/arm-none-eabi/9.3.1/../../../../arm-none-eabi/lib/thumb/v7-m/nofp\libnosys.a
END GROUP
LOAD c:/st/stm32cubeide_1.7.0/stm32cubeide/plugins/com.st.stm32cube.ide.mcu.externaltools.gnu-tools-for-stm32.9-2020-q2-update.win32_2.0.0.202105311346/tools/bin/../lib/gcc/arm-none-eabi/9.3.1/thumb/v7-m/nofp/crtend.o
LOAD c:/st/stm32cubeide_1.7.0/stm32cubeide/plugins/com.st.stm32cube.ide.mcu.externaltools.gnu-tools-for-stm32.9-2020-q2-update.win32_2.0.0.202105311346/tools/bin/../lib/gcc/arm-none-eabi/9.3.1/thumb/v7-m/nofp/crtn.o
                0x0000000020005000                _estack = (ORIGIN (RAM) + LENGTH (RAM))
                0x0000000000000200                _Min_Heap_Size = 0x200
                0x0000000000000400                _Min_Stack_Size = 0x400

.isr_vector     0x0000000008000000      0x10c
                0x0000000008000000                . = ALIGN (0x4)
 *(.isr_vector)
 .isr_vector    0x0000000008000000      0x10c ./Core/Startup/startup_stm32f103c8tx.o
                0x0000000008000000                g_pfnVectors
                0x000000000800010c                . = ALIGN (0x4)

.text           0x000000000800010c      0xae8
                0x000000000800010c                . = ALIGN (0x4)
 *(.text)
 .text          0x000000000800010c       0x40 c:/st/stm32cubeide_1.7.0/stm32cubeide/plugins/com.st.stm32cube.ide.mcu.externaltools.gnu-tools-for-stm32.9-2020-q2-update.win32_2.0.0.202105311346/tools/bin/../lib/gcc/arm-none-eabi/9.3.1/thumb/v7-m/nofp/crtbegin.o
 *(.text*)
 .text.SysTick_Handler
                0x000000000800014c       0x10 ./Core/Src/it.o
                0x000000000800014c                SysTick_Handler
 .text.main     0x000000000800015c       0x44 ./Core/Src/main.o
                0x000000000800015c                main
 .text.SystemClockConfig
                0x00000000080001a0        0xc ./Core/Src/main.o
                0x00000000080001a0                SystemClockConfig
 .text.Error_handler
                0x00000000080001ac        0x6 ./Core/Src/main.o
                0x00000000080001ac                Error_handler
 *fill*         0x00000000080001b2        0x2 
 .text.TIMER2_Init
                0x00000000080001b4       0x38 ./Core/Src/main.o
                0x00000000080001b4                TIMER2_Init
 .text.GPIO_Init
                0x00000000080001ec       0x4c ./Core/Src/main.o
                0x00000000080001ec                GPIO_Init
 .text.HAL_MspInit
                0x0000000008000238       0x9c ./Core/Src/msp.o
                0x0000000008000238                HAL_MspInit
 .text.HAL_TIM_Base_MspInit
                0x00000000080002d4       0x3c ./Core/Src/msp.o
                0x00000000080002d4                HAL_TIM_Base_MspInit
 .text.SystemInit
                0x0000000008000310        0xc ./Core/Src/system_stm32f1xx.o
                0x0000000008000310                SystemInit
 .text.Reset_Handler
                0x000000000800031c       0x48 ./Core/Startup/startup_stm32f103c8tx.o
                0x000000000800031c                Reset_Handler
 .text.Default_Handler
                0x0000000008000364        0x2 ./Core/Startup/startup_stm32f103c8tx.o
                0x0000000008000364                RTC_Alarm_IRQHandler
                0x0000000008000364                EXTI2_IRQHandler
                0x0000000008000364                DebugMon_Handler
                0x0000000008000364                TIM1_CC_IRQHandler
                0x0000000008000364                HardFault_Handler
                0x0000000008000364                PVD_IRQHandler
                0x0000000008000364                PendSV_Handler
                0x0000000008000364                NMI_Handler
                0x0000000008000364                EXTI3_IRQHandler
                0x0000000008000364                EXTI0_IRQHandler
                0x0000000008000364                I2C2_EV_IRQHandler
                0x0000000008000364                UsageFault_Handler
                0x0000000008000364                ADC1_2_IRQHandler
                0x0000000008000364                SPI1_IRQHandler
                0x0000000008000364                TAMPER_IRQHandler
                0x0000000008000364                DMA1_Channel4_IRQHandler
                0x0000000008000364                USART3_IRQHandler
                0x0000000008000364                RTC_IRQHandler
                0x0000000008000364                DMA1_Channel7_IRQHandler
                0x0000000008000364                CAN1_RX1_IRQHandler
                0x0000000008000364                TIM4_IRQHandler
                0x0000000008000364                I2C1_EV_IRQHandler
                0x0000000008000364                DMA1_Channel6_IRQHandler
                0x0000000008000364                TIM3_IRQHandler
                0x0000000008000364                RCC_IRQHandler
                0x0000000008000364                TIM1_TRG_COM_IRQHandler
                0x0000000008000364                DMA1_Channel1_IRQHandler
                0x0000000008000364                Default_Handler
                0x0000000008000364                EXTI15_10_IRQHandler
                0x0000000008000364                EXTI9_5_IRQHandler
                0x0000000008000364                SPI2_IRQHandler
                0x0000000008000364                MemManage_Handler
                0x0000000008000364                SVC_Handler
                0x0000000008000364                DMA1_Channel5_IRQHandler
                0x0000000008000364                EXTI4_IRQHandler
                0x0000000008000364                USB_LP_CAN1_RX0_IRQHandler
                0x0000000008000364                USB_HP_CAN1_TX_IRQHandler
                0x0000000008000364                DMA1_Channel3_IRQHandler
                0x0000000008000364                TIM1_UP_IRQHandler
                0x0000000008000364                WWDG_IRQHandler
                0x0000000008000364                TIM2_IRQHandler
                0x0000000008000364                TIM1_BRK_IRQHandler
                0x0000000008000364                EXTI1_IRQHandler
                0x0000000008000364                USART2_IRQHandler
                0x0000000008000364                I2C2_ER_IRQHandler
                0x0000000008000364                DMA1_Channel2_IRQHandler
                0x0000000008000364                CAN1_SCE_IRQHandler
                0x0000000008000364                FLASH_IRQHandler
                0x0000000008000364                BusFault_Handler
                0x0000000008000364                USART1_IRQHandler
                0x0000000008000364                I2C1_ER_IRQHandler
                0x0000000008000364                USBWakeUp_IRQHandler
 *fill*         0x0000000008000366        0x2 
 .text.HAL_Init
                0x0000000008000368       0x2c ./Drivers/STM32F1xx_HAL_Driver/Src/stm32f1xx_hal.o
                0x0000000008000368                HAL_Init
 .text.HAL_InitTick
                0x0000000008000394       0x60 ./Drivers/STM32F1xx_HAL_Driver/Src/stm32f1xx_hal.o
                0x0000000008000394                HAL_InitTick
 .text.HAL_IncTick
                0x00000000080003f4       0x24 ./Drivers/STM32F1xx_HAL_Driver/Src/stm32f1xx_hal.o
                0x00000000080003f4                HAL_IncTick
 .text.__NVIC_SetPriorityGrouping
                0x0000000008000418       0x48 ./Drivers/STM32F1xx_HAL_Driver/Src/stm32f1xx_hal_cortex.o
 .text.__NVIC_GetPriorityGrouping
                0x0000000008000460       0x1c ./Drivers/STM32F1xx_HAL_Driver/Src/stm32f1xx_hal_cortex.o
 .text.__NVIC_EnableIRQ
                0x000000000800047c       0x38 ./Drivers/STM32F1xx_HAL_Driver/Src/stm32f1xx_hal_cortex.o
 .text.__NVIC_SetPriority
                0x00000000080004b4       0x54 ./Drivers/STM32F1xx_HAL_Driver/Src/stm32f1xx_hal_cortex.o
 .text.NVIC_EncodePriority
                0x0000000008000508       0x64 ./Drivers/STM32F1xx_HAL_Driver/Src/stm32f1xx_hal_cortex.o
 .text.SysTick_Config
                0x000000000800056c       0x44 ./Drivers/STM32F1xx_HAL_Driver/Src/stm32f1xx_hal_cortex.o
 .text.HAL_NVIC_SetPriorityGrouping
                0x00000000080005b0       0x16 ./Drivers/STM32F1xx_HAL_Driver/Src/stm32f1xx_hal_cortex.o
                0x00000000080005b0                HAL_NVIC_SetPriorityGrouping
 .text.HAL_NVIC_SetPriority
                0x00000000080005c6       0x38 ./Drivers/STM32F1xx_HAL_Driver/Src/stm32f1xx_hal_cortex.o
                0x00000000080005c6                HAL_NVIC_SetPriority
 .text.HAL_NVIC_EnableIRQ
                0x00000000080005fe       0x1c ./Drivers/STM32F1xx_HAL_Driver/Src/stm32f1xx_hal_cortex.o
                0x00000000080005fe                HAL_NVIC_EnableIRQ
 .text.HAL_SYSTICK_Config
                0x000000000800061a       0x18 ./Drivers/STM32F1xx_HAL_Driver/Src/stm32f1xx_hal_cortex.o
                0x000000000800061a                HAL_SYSTICK_Config
 .text.HAL_SYSTICK_IRQHandler
                0x0000000008000632        0xc ./Drivers/STM32F1xx_HAL_Driver/Src/stm32f1xx_hal_cortex.o
                0x0000000008000632                HAL_SYSTICK_IRQHandler
 .text.HAL_SYSTICK_Callback
                0x000000000800063e        0xc ./Drivers/STM32F1xx_HAL_Driver/Src/stm32f1xx_hal_cortex.o
                0x000000000800063e                HAL_SYSTICK_Callback
 *fill*         0x000000000800064a        0x2 
 .text.HAL_GPIO_Init
                0x000000000800064c      0x308 ./Drivers/STM32F1xx_HAL_Driver/Src/stm32f1xx_hal_gpio.o
                0x000000000800064c                HAL_GPIO_Init
 .text.HAL_GPIO_TogglePin
                0x0000000008000954       0x32 ./Drivers/STM32F1xx_HAL_Driver/Src/stm32f1xx_hal_gpio.o
                0x0000000008000954                HAL_GPIO_TogglePin
 .text.HAL_TIM_Base_Init
                0x0000000008000986       0x9e ./Drivers/STM32F1xx_HAL_Driver/Src/stm32f1xx_hal_tim.o
                0x0000000008000986                HAL_TIM_Base_Init
 .text.HAL_TIM_Base_Start
                0x0000000008000a24       0x94 ./Drivers/STM32F1xx_HAL_Driver/Src/stm32f1xx_hal_tim.o
                0x0000000008000a24                HAL_TIM_Base_Start
 .text.TIM_Base_SetConfig
                0x0000000008000ab8       0xdc ./Drivers/STM32F1xx_HAL_Driver/Src/stm32f1xx_hal_tim.o
                0x0000000008000ab8                TIM_Base_SetConfig
 .text.__libc_init_array
                0x0000000008000b94       0x48 c:/st/stm32cubeide_1.7.0/stm32cubeide/plugins/com.st.stm32cube.ide.mcu.externaltools.gnu-tools-for-stm32.9-2020-q2-update.win32_2.0.0.202105311346/tools/bin/../lib/gcc/arm-none-eabi/9.3.1/../../../../arm-none-eabi/lib/thumb/v7-m/nofp\libc_nano.a(lib_a-init.o)
                0x0000000008000b94                __libc_init_array
 *(.glue_7)
 .glue_7        0x0000000008000bdc        0x0 linker stubs
 *(.glue_7t)
 .glue_7t       0x0000000008000bdc        0x0 linker stubs
 *(.eh_frame)
 .eh_frame      0x0000000008000bdc        0x0 c:/st/stm32cubeide_1.7.0/stm32cubeide/plugins/com.st.stm32cube.ide.mcu.externaltools.gnu-tools-for-stm32.9-2020-q2-update.win32_2.0.0.202105311346/tools/bin/../lib/gcc/arm-none-eabi/9.3.1/thumb/v7-m/nofp/crtbegin.o
 *(.init)
 .init          0x0000000008000bdc        0x4 c:/st/stm32cubeide_1.7.0/stm32cubeide/plugins/com.st.stm32cube.ide.mcu.externaltools.gnu-tools-for-stm32.9-2020-q2-update.win32_2.0.0.202105311346/tools/bin/../lib/gcc/arm-none-eabi/9.3.1/thumb/v7-m/nofp/crti.o
                0x0000000008000bdc                _init
 .init          0x0000000008000be0        0x8 c:/st/stm32cubeide_1.7.0/stm32cubeide/plugins/com.st.stm32cube.ide.mcu.externaltools.gnu-tools-for-stm32.9-2020-q2-update.win32_2.0.0.202105311346/tools/bin/../lib/gcc/arm-none-eabi/9.3.1/thumb/v7-m/nofp/crtn.o
 *(.fini)
 .fini          0x0000000008000be8        0x4 c:/st/stm32cubeide_1.7.0/stm32cubeide/plugins/com.st.stm32cube.ide.mcu.externaltools.gnu-tools-for-stm32.9-2020-q2-update.win32_2.0.0.202105311346/tools/bin/../lib/gcc/arm-none-eabi/9.3.1/thumb/v7-m/nofp/crti.o
                0x0000000008000be8                _fini
 .fini          0x0000000008000bec        0x8 c:/st/stm32cubeide_1.7.0/stm32cubeide/plugins/com.st.stm32cube.ide.mcu.externaltools.gnu-tools-for-stm32.9-2020-q2-update.win32_2.0.0.202105311346/tools/bin/../lib/gcc/arm-none-eabi/9.3.1/thumb/v7-m/nofp/crtn.o
                0x0000000008000bf4                . = ALIGN (0x4)
                0x0000000008000bf4                _etext = .

.vfp11_veneer   0x0000000008000bf4        0x0
 .vfp11_veneer  0x0000000008000bf4        0x0 linker stubs

.v4_bx          0x0000000008000bf4        0x0
 .v4_bx         0x0000000008000bf4        0x0 linker stubs

.iplt           0x0000000008000bf4        0x0
 .iplt          0x0000000008000bf4        0x0 c:/st/stm32cubeide_1.7.0/stm32cubeide/plugins/com.st.stm32cube.ide.mcu.externaltools.gnu-tools-for-stm32.9-2020-q2-update.win32_2.0.0.202105311346/tools/bin/../lib/gcc/arm-none-eabi/9.3.1/thumb/v7-m/nofp/crtbegin.o

.rel.dyn        0x0000000008000bf4        0x0
 .rel.iplt      0x0000000008000bf4        0x0 c:/st/stm32cubeide_1.7.0/stm32cubeide/plugins/com.st.stm32cube.ide.mcu.externaltools.gnu-tools-for-stm32.9-2020-q2-update.win32_2.0.0.202105311346/tools/bin/../lib/gcc/arm-none-eabi/9.3.1/thumb/v7-m/nofp/crtbegin.o

.rodata         0x0000000008000bf4        0x0
                0x0000000008000bf4                . = ALIGN (0x4)
 *(.rodata)
 *(.rodata*)
                0x0000000008000bf4                . = ALIGN (0x4)

.ARM.extab      0x0000000008000bf4        0x0
                0x0000000008000bf4                . = ALIGN (0x4)
 *(.ARM.extab* .gnu.linkonce.armextab.*)
                0x0000000008000bf4                . = ALIGN (0x4)

.ARM            0x0000000008000bf4        0x0
                0x0000000008000bf4                . = ALIGN (0x4)
                0x0000000008000bf4                __exidx_start = .
 *(.ARM.exidx*)
                0x0000000008000bf4                __exidx_end = .
                0x0000000008000bf4                . = ALIGN (0x4)

.preinit_array  0x0000000008000bf4        0x0
                0x0000000008000bf4                . = ALIGN (0x4)
                0x0000000008000bf4                PROVIDE (__preinit_array_start = .)
 *(.preinit_array*)
                0x0000000008000bf4                PROVIDE (__preinit_array_end = .)
                0x0000000008000bf4                . = ALIGN (0x4)

.init_array     0x0000000008000bf4        0x4
                0x0000000008000bf4                . = ALIGN (0x4)
                0x0000000008000bf4                PROVIDE (__init_array_start = .)
 *(SORT_BY_NAME(.init_array.*))
 *(.init_array*)
 .init_array    0x0000000008000bf4        0x4 c:/st/stm32cubeide_1.7.0/stm32cubeide/plugins/com.st.stm32cube.ide.mcu.externaltools.gnu-tools-for-stm32.9-2020-q2-update.win32_2.0.0.202105311346/tools/bin/../lib/gcc/arm-none-eabi/9.3.1/thumb/v7-m/nofp/crtbegin.o
                0x0000000008000bf8                PROVIDE (__init_array_end = .)
                0x0000000008000bf8                . = ALIGN (0x4)

.fini_array     0x0000000008000bf8        0x4
                0x0000000008000bf8                . = ALIGN (0x4)
                [!provide]                        PROVIDE (__fini_array_start = .)
 *(SORT_BY_NAME(.fini_array.*))
 *(.fini_array*)
 .fini_array    0x0000000008000bf8        0x4 c:/st/stm32cubeide_1.7.0/stm32cubeide/plugins/com.st.stm32cube.ide.mcu.externaltools.gnu-tools-for-stm32.9-2020-q2-update.win32_2.0.0.202105311346/tools/bin/../lib/gcc/arm-none-eabi/9.3.1/thumb/v7-m/nofp/crtbegin.o
                [!provide]                        PROVIDE (__fini_array_end = .)
                0x0000000008000bfc                . = ALIGN (0x4)
                0x0000000008000bfc                _sidata = LOADADDR (.data)

.data           0x0000000020000000        0xc load address 0x0000000008000bfc
                0x0000000020000000                . = ALIGN (0x4)
                0x0000000020000000                _sdata = .
 *(.data)
 *(.data*)
 .data.SystemCoreClock
                0x0000000020000000        0x4 ./Core/Src/system_stm32f1xx.o
                0x0000000020000000                SystemCoreClock
 .data.uwTickPrio
                0x0000000020000004        0x4 ./Drivers/STM32F1xx_HAL_Driver/Src/stm32f1xx_hal.o
                0x0000000020000004                uwTickPrio
 .data.uwTickFreq
                0x0000000020000008        0x1 ./Drivers/STM32F1xx_HAL_Driver/Src/stm32f1xx_hal.o
                0x0000000020000008                uwTickFreq
 *(.RamFunc)
 *(.RamFunc*)
                0x000000002000000c                . = ALIGN (0x4)
 *fill*         0x0000000020000009        0x3 
                0x000000002000000c                _edata = .

.igot.plt       0x000000002000000c        0x0 load address 0x0000000008000c08
 .igot.plt      0x000000002000000c        0x0 c:/st/stm32cubeide_1.7.0/stm32cubeide/plugins/com.st.stm32cube.ide.mcu.externaltools.gnu-tools-for-stm32.9-2020-q2-update.win32_2.0.0.202105311346/tools/bin/../lib/gcc/arm-none-eabi/9.3.1/thumb/v7-m/nofp/crtbegin.o
                0x000000002000000c                . = ALIGN (0x4)

.bss            0x000000002000000c       0x68 load address 0x0000000008000c08
                0x000000002000000c                _sbss = .
                0x000000002000000c                __bss_start__ = _sbss
 *(.bss)
 .bss           0x000000002000000c       0x1c c:/st/stm32cubeide_1.7.0/stm32cubeide/plugins/com.st.stm32cube.ide.mcu.externaltools.gnu-tools-for-stm32.9-2020-q2-update.win32_2.0.0.202105311346/tools/bin/../lib/gcc/arm-none-eabi/9.3.1/thumb/v7-m/nofp/crtbegin.o
 *(.bss*)
 *(COMMON)
 COMMON         0x0000000020000028       0x48 ./Core/Src/main.o
                0x0000000020000028                htimer2
 COMMON         0x0000000020000070        0x4 ./Drivers/STM32F1xx_HAL_Driver/Src/stm32f1xx_hal.o
                0x0000000020000070                uwTick
                0x0000000020000074                . = ALIGN (0x4)
                0x0000000020000074                _ebss = .
                0x0000000020000074                __bss_end__ = _ebss

._user_heap_stack
                0x0000000020000074      0x604 load address 0x0000000008000c08
                0x0000000020000078                . = ALIGN (0x8)
 *fill*         0x0000000020000074        0x4 
                [!provide]                        PROVIDE (end = .)
                0x0000000020000078                PROVIDE (_end = .)
                0x0000000020000278                . = (. + _Min_Heap_Size)
 *fill*         0x0000000020000078      0x200 
                0x0000000020000678                . = (. + _Min_Stack_Size)
 *fill*         0x0000000020000278      0x400 
                0x0000000020000678                . = ALIGN (0x8)

/DISCARD/
 libc.a(*)
 libm.a(*)
 libgcc.a(*)

.ARM.attributes
                0x0000000000000000       0x29
 *(.ARM.attributes)
 .ARM.attributes
                0x0000000000000000       0x1d c:/st/stm32cubeide_1.7.0/stm32cubeide/plugins/com.st.stm32cube.ide.mcu.externaltools.gnu-tools-for-stm32.9-2020-q2-update.win32_2.0.0.202105311346/tools/bin/../lib/gcc/arm-none-eabi/9.3.1/thumb/v7-m/nofp/crti.o
 .ARM.attributes
                0x000000000000001d       0x2d c:/st/stm32cubeide_1.7.0/stm32cubeide/plugins/com.st.stm32cube.ide.mcu.externaltools.gnu-tools-for-stm32.9-2020-q2-update.win32_2.0.0.202105311346/tools/bin/../lib/gcc/arm-none-eabi/9.3.1/thumb/v7-m/nofp/crtbegin.o
 .ARM.attributes
                0x000000000000004a       0x2d ./Core/Src/it.o
 .ARM.attributes
                0x0000000000000077       0x2d ./Core/Src/main.o
 .ARM.attributes
                0x00000000000000a4       0x2d ./Core/Src/msp.o
 .ARM.attributes
                0x00000000000000d1       0x2d ./Core/Src/system_stm32f1xx.o
 .ARM.attributes
                0x00000000000000fe       0x21 ./Core/Startup/startup_stm32f103c8tx.o
 .ARM.attributes
                0x000000000000011f       0x2d ./Drivers/STM32F1xx_HAL_Driver/Src/stm32f1xx_hal.o
 .ARM.attributes
                0x000000000000014c       0x2d ./Drivers/STM32F1xx_HAL_Driver/Src/stm32f1xx_hal_cortex.o
 .ARM.attributes
                0x0000000000000179       0x2d ./Drivers/STM32F1xx_HAL_Driver/Src/stm32f1xx_hal_gpio.o
 .ARM.attributes
                0x00000000000001a6       0x2d ./Drivers/STM32F1xx_HAL_Driver/Src/stm32f1xx_hal_tim.o
 .ARM.attributes
                0x00000000000001d3       0x2d c:/st/stm32cubeide_1.7.0/stm32cubeide/plugins/com.st.stm32cube.ide.mcu.externaltools.gnu-tools-for-stm32.9-2020-q2-update.win32_2.0.0.202105311346/tools/bin/../lib/gcc/arm-none-eabi/9.3.1/../../../../arm-none-eabi/lib/thumb/v7-m/nofp\libc_nano.a(lib_a-init.o)
 .ARM.attributes
                0x0000000000000200       0x1d c:/st/stm32cubeide_1.7.0/stm32cubeide/plugins/com.st.stm32cube.ide.mcu.externaltools.gnu-tools-for-stm32.9-2020-q2-update.win32_2.0.0.202105311346/tools/bin/../lib/gcc/arm-none-eabi/9.3.1/thumb/v7-m/nofp/crtn.o
OUTPUT(time_base_100ms.elf elf32-littlearm)
LOAD linker stubs
LOAD c:/st/stm32cubeide_1.7.0/stm32cubeide/plugins/com.st.stm32cube.ide.mcu.externaltools.gnu-tools-for-stm32.9-2020-q2-update.win32_2.0.0.202105311346/tools/bin/../lib/gcc/arm-none-eabi/9.3.1/../../../../arm-none-eabi/lib/thumb/v7-m/nofp\libc.a
LOAD c:/st/stm32cubeide_1.7.0/stm32cubeide/plugins/com.st.stm32cube.ide.mcu.externaltools.gnu-tools-for-stm32.9-2020-q2-update.win32_2.0.0.202105311346/tools/bin/../lib/gcc/arm-none-eabi/9.3.1/../../../../arm-none-eabi/lib/thumb/v7-m/nofp\libm.a
LOAD c:/st/stm32cubeide_1.7.0/stm32cubeide/plugins/com.st.stm32cube.ide.mcu.externaltools.gnu-tools-for-stm32.9-2020-q2-update.win32_2.0.0.202105311346/tools/bin/../lib/gcc/arm-none-eabi/9.3.1/thumb/v7-m/nofp\libgcc.a

.debug_info     0x0000000000000000     0x6883
 .debug_info    0x0000000000000000      0x192 ./Core/Src/it.o
 .debug_info    0x0000000000000192     0x11dc ./Core/Src/main.o
 .debug_info    0x000000000000136e      0xbbc ./Core/Src/msp.o
 .debug_info    0x0000000000001f2a      0x2be ./Core/Src/system_stm32f1xx.o
 .debug_info    0x00000000000021e8       0x22 ./Core/Startup/startup_stm32f103c8tx.o
 .debug_info    0x000000000000220a      0x76a ./Drivers/STM32F1xx_HAL_Driver/Src/stm32f1xx_hal.o
 .debug_info    0x0000000000002974      0xbdc ./Drivers/STM32F1xx_HAL_Driver/Src/stm32f1xx_hal_cortex.o
 .debug_info    0x0000000000003550      0x701 ./Drivers/STM32F1xx_HAL_Driver/Src/stm32f1xx_hal_gpio.o
 .debug_info    0x0000000000003c51     0x2c32 ./Drivers/STM32F1xx_HAL_Driver/Src/stm32f1xx_hal_tim.o

.debug_abbrev   0x0000000000000000      0xf6d
 .debug_abbrev  0x0000000000000000       0xb8 ./Core/Src/it.o
 .debug_abbrev  0x00000000000000b8      0x258 ./Core/Src/main.o
 .debug_abbrev  0x0000000000000310      0x1b7 ./Core/Src/msp.o
 .debug_abbrev  0x00000000000004c7      0x14e ./Core/Src/system_stm32f1xx.o
 .debug_abbrev  0x0000000000000615       0x12 ./Core/Startup/startup_stm32f103c8tx.o
 .debug_abbrev  0x0000000000000627      0x1ed ./Drivers/STM32F1xx_HAL_Driver/Src/stm32f1xx_hal.o
 .debug_abbrev  0x0000000000000814      0x313 ./Drivers/STM32F1xx_HAL_Driver/Src/stm32f1xx_hal_cortex.o
 .debug_abbrev  0x0000000000000b27      0x1e8 ./Drivers/STM32F1xx_HAL_Driver/Src/stm32f1xx_hal_gpio.o
 .debug_abbrev  0x0000000000000d0f      0x25e ./Drivers/STM32F1xx_HAL_Driver/Src/stm32f1xx_hal_tim.o

.debug_aranges  0x0000000000000000      0x6e0
 .debug_aranges
                0x0000000000000000       0x20 ./Core/Src/it.o
 .debug_aranges
                0x0000000000000020       0x40 ./Core/Src/main.o
 .debug_aranges
                0x0000000000000060       0x28 ./Core/Src/msp.o
 .debug_aranges
                0x0000000000000088       0x28 ./Core/Src/system_stm32f1xx.o
 .debug_aranges
                0x00000000000000b0       0x28 ./Core/Startup/startup_stm32f103c8tx.o
 .debug_aranges
                0x00000000000000d8       0xe0 ./Drivers/STM32F1xx_HAL_Driver/Src/stm32f1xx_hal.o
 .debug_aranges
                0x00000000000001b8      0x100 ./Drivers/STM32F1xx_HAL_Driver/Src/stm32f1xx_hal_cortex.o
 .debug_aranges
                0x00000000000002b8       0x58 ./Drivers/STM32F1xx_HAL_Driver/Src/stm32f1xx_hal_gpio.o
 .debug_aranges
                0x0000000000000310      0x3d0 ./Drivers/STM32F1xx_HAL_Driver/Src/stm32f1xx_hal_tim.o

.debug_ranges   0x0000000000000000      0x658
 .debug_ranges  0x0000000000000000       0x10 ./Core/Src/it.o
 .debug_ranges  0x0000000000000010       0x30 ./Core/Src/main.o
 .debug_ranges  0x0000000000000040       0x18 ./Core/Src/msp.o
 .debug_ranges  0x0000000000000058       0x18 ./Core/Src/system_stm32f1xx.o
 .debug_ranges  0x0000000000000070       0x20 ./Core/Startup/startup_stm32f103c8tx.o
 .debug_ranges  0x0000000000000090       0xd0 ./Drivers/STM32F1xx_HAL_Driver/Src/stm32f1xx_hal.o
 .debug_ranges  0x0000000000000160       0xf0 ./Drivers/STM32F1xx_HAL_Driver/Src/stm32f1xx_hal_cortex.o
 .debug_ranges  0x0000000000000250       0x48 ./Drivers/STM32F1xx_HAL_Driver/Src/stm32f1xx_hal_gpio.o
 .debug_ranges  0x0000000000000298      0x3c0 ./Drivers/STM32F1xx_HAL_Driver/Src/stm32f1xx_hal_tim.o

.debug_macro    0x0000000000000000    0x16d62
 .debug_macro   0x0000000000000000      0x1ad ./Core/Src/it.o
 .debug_macro   0x00000000000001ad      0xa9c ./Core/Src/it.o
 .debug_macro   0x0000000000000c49      0x21b ./Core/Src/it.o
 .debug_macro   0x0000000000000e64       0x2e ./Core/Src/it.o
 .debug_macro   0x0000000000000e92       0x22 ./Core/Src/it.o
 .debug_macro   0x0000000000000eb4       0x22 ./Core/Src/it.o
 .debug_macro   0x0000000000000ed6       0x8e ./Core/Src/it.o
 .debug_macro   0x0000000000000f64       0x51 ./Core/Src/it.o
 .debug_macro   0x0000000000000fb5      0x103 ./Core/Src/it.o
 .debug_macro   0x00000000000010b8       0x6a ./Core/Src/it.o
 .debug_macro   0x0000000000001122      0x1df ./Core/Src/it.o
 .debug_macro   0x0000000000001301       0x1c ./Core/Src/it.o
 .debug_macro   0x000000000000131d       0x22 ./Core/Src/it.o
 .debug_macro   0x000000000000133f       0xc3 ./Core/Src/it.o
 .debug_macro   0x0000000000001402      0xd23 ./Core/Src/it.o
 .debug_macro   0x0000000000002125     0xe09e ./Core/Src/it.o
 .debug_macro   0x00000000000101c3       0x6d ./Core/Src/it.o
 .debug_macro   0x0000000000010230     0x34a2 ./Core/Src/it.o
 .debug_macro   0x00000000000136d2      0x174 ./Core/Src/it.o
 .debug_macro   0x0000000000013846       0x5c ./Core/Src/it.o
 .debug_macro   0x00000000000138a2      0x5bc ./Core/Src/it.o
 .debug_macro   0x0000000000013e5e      0x289 ./Core/Src/it.o
 .debug_macro   0x00000000000140e7      0x1cb ./Core/Src/it.o
 .debug_macro   0x00000000000142b2      0x114 ./Core/Src/it.o
 .debug_macro   0x00000000000143c6      0x1b2 ./Core/Src/it.o
 .debug_macro   0x0000000000014578       0x27 ./Core/Src/it.o
 .debug_macro   0x000000000001459f      0x136 ./Core/Src/it.o
 .debug_macro   0x00000000000146d5      0x1bc ./Core/Src/it.o
 .debug_macro   0x0000000000014891       0x34 ./Core/Src/it.o
 .debug_macro   0x00000000000148c5       0x3c ./Core/Src/it.o
 .debug_macro   0x0000000000014901       0x57 ./Core/Src/it.o
 .debug_macro   0x0000000000014958       0x87 ./Core/Src/it.o
 .debug_macro   0x00000000000149df      0x240 ./Core/Src/it.o
 .debug_macro   0x0000000000014c1f      0x140 ./Core/Src/it.o
 .debug_macro   0x0000000000014d5f      0x8ed ./Core/Src/it.o
 .debug_macro   0x000000000001564c      0x28e ./Core/Src/it.o
 .debug_macro   0x00000000000158da       0x83 ./Core/Src/it.o
 .debug_macro   0x000000000001595d      0x27b ./Core/Src/main.o
 .debug_macro   0x0000000000015bd8       0x52 ./Core/Src/main.o
 .debug_macro   0x0000000000015c2a       0x18 ./Core/Src/main.o
 .debug_macro   0x0000000000015c42       0x3c ./Core/Src/main.o
 .debug_macro   0x0000000000015c7e       0x34 ./Core/Src/main.o
 .debug_macro   0x0000000000015cb2       0x16 ./Core/Src/main.o
 .debug_macro   0x0000000000015cc8       0x43 ./Core/Src/main.o
 .debug_macro   0x0000000000015d0b       0x34 ./Core/Src/main.o
 .debug_macro   0x0000000000015d3f       0x10 ./Core/Src/main.o
 .debug_macro   0x0000000000015d4f       0x58 ./Core/Src/main.o
 .debug_macro   0x0000000000015da7       0x71 ./Core/Src/main.o
 .debug_macro   0x0000000000015e18       0x1c ./Core/Src/main.o
 .debug_macro   0x0000000000015e34      0x12a ./Core/Src/main.o
 .debug_macro   0x0000000000015f5e      0x333 ./Core/Src/main.o
 .debug_macro   0x0000000000016291       0x10 ./Core/Src/main.o
 .debug_macro   0x00000000000162a1       0x35 ./Core/Src/main.o
 .debug_macro   0x00000000000162d6       0x20 ./Core/Src/main.o
 .debug_macro   0x00000000000162f6      0x1ad ./Core/Src/msp.o
 .debug_macro   0x00000000000164a3      0x1a3 ./Core/Src/system_stm32f1xx.o
 .debug_macro   0x0000000000016646      0x1c7 ./Drivers/STM32F1xx_HAL_Driver/Src/stm32f1xx_hal.o
 .debug_macro   0x000000000001680d      0x1a3 ./Drivers/STM32F1xx_HAL_Driver/Src/stm32f1xx_hal_cortex.o
 .debug_macro   0x00000000000169b0      0x20e ./Drivers/STM32F1xx_HAL_Driver/Src/stm32f1xx_hal_gpio.o
 .debug_macro   0x0000000000016bbe      0x1a4 ./Drivers/STM32F1xx_HAL_Driver/Src/stm32f1xx_hal_tim.o

.debug_line     0x0000000000000000     0x6eaa
 .debug_line    0x0000000000000000      0x66d ./Core/Src/it.o
 .debug_line    0x000000000000066d      0x86e ./Core/Src/main.o
 .debug_line    0x0000000000000edb      0x693 ./Core/Src/msp.o
 .debug_line    0x000000000000156e      0x6fb ./Core/Src/system_stm32f1xx.o
 .debug_line    0x0000000000001c69       0x86 ./Core/Startup/startup_stm32f103c8tx.o
 .debug_line    0x0000000000001cef      0x928 ./Drivers/STM32F1xx_HAL_Driver/Src/stm32f1xx_hal.o
 .debug_line    0x0000000000002617      0xb10 ./Drivers/STM32F1xx_HAL_Driver/Src/stm32f1xx_hal_cortex.o
 .debug_line    0x0000000000003127      0x9c1 ./Drivers/STM32F1xx_HAL_Driver/Src/stm32f1xx_hal_gpio.o
 .debug_line    0x0000000000003ae8     0x33c2 ./Drivers/STM32F1xx_HAL_Driver/Src/stm32f1xx_hal_tim.o

.debug_str      0x0000000000000000    0x8855a
 .debug_str     0x0000000000000000    0x8338d ./Core/Src/it.o
                                      0x836cc (size before relaxing)
 .debug_str     0x000000000008338d     0x36af ./Core/Src/main.o
                                      0x86e79 (size before relaxing)
 .debug_str     0x0000000000086a3c      0x320 ./Core/Src/msp.o
                                      0x83f36 (size before relaxing)
 .debug_str     0x0000000000086d5c       0x52 ./Core/Src/system_stm32f1xx.o
                                      0x83735 (size before relaxing)
 .debug_str     0x0000000000086dae       0x36 ./Core/Startup/startup_stm32f103c8tx.o
                                         0x56 (size before relaxing)
 .debug_str     0x0000000000086de4      0x304 ./Drivers/STM32F1xx_HAL_Driver/Src/stm32f1xx_hal.o
                                      0x83dc6 (size before relaxing)
 .debug_str     0x00000000000870e8      0x2b6 ./Drivers/STM32F1xx_HAL_Driver/Src/stm32f1xx_hal_cortex.o
                                      0x83dce (size before relaxing)
 .debug_str     0x000000000008739e      0x347 ./Drivers/STM32F1xx_HAL_Driver/Src/stm32f1xx_hal_gpio.o
                                      0x83af9 (size before relaxing)
 .debug_str     0x00000000000876e5      0xe75 ./Drivers/STM32F1xx_HAL_Driver/Src/stm32f1xx_hal_tim.o
                                      0x84b1b (size before relaxing)

.comment        0x0000000000000000       0x53
 .comment       0x0000000000000000       0x53 ./Core/Src/it.o
                                         0x54 (size before relaxing)
 .comment       0x0000000000000053       0x54 ./Core/Src/main.o
 .comment       0x0000000000000053       0x54 ./Core/Src/msp.o
 .comment       0x0000000000000053       0x54 ./Core/Src/system_stm32f1xx.o
 .comment       0x0000000000000053       0x54 ./Drivers/STM32F1xx_HAL_Driver/Src/stm32f1xx_hal.o
 .comment       0x0000000000000053       0x54 ./Drivers/STM32F1xx_HAL_Driver/Src/stm32f1xx_hal_cortex.o
 .comment       0x0000000000000053       0x54 ./Drivers/STM32F1xx_HAL_Driver/Src/stm32f1xx_hal_gpio.o
 .comment       0x0000000000000053       0x54 ./Drivers/STM32F1xx_HAL_Driver/Src/stm32f1xx_hal_tim.o

.debug_frame    0x0000000000000000     0x1c0c
 .debug_frame   0x0000000000000000       0x2c ./Core/Src/it.o
 .debug_frame   0x000000000000002c       0xa4 ./Core/Src/main.o
 .debug_frame   0x00000000000000d0       0x58 ./Core/Src/msp.o
 .debug_frame   0x0000000000000128       0x58 ./Core/Src/system_stm32f1xx.o
 .debug_frame   0x0000000000000180      0x334 ./Drivers/STM32F1xx_HAL_Driver/Src/stm32f1xx_hal.o
 .debug_frame   0x00000000000004b4      0x428 ./Drivers/STM32F1xx_HAL_Driver/Src/stm32f1xx_hal_cortex.o
 .debug_frame   0x00000000000008dc      0x14c ./Drivers/STM32F1xx_HAL_Driver/Src/stm32f1xx_hal_gpio.o
 .debug_frame   0x0000000000000a28     0x11b8 ./Drivers/STM32F1xx_HAL_Driver/Src/stm32f1xx_hal_tim.o
 .debug_frame   0x0000000000001be0       0x2c c:/st/stm32cubeide_1.7.0/stm32cubeide/plugins/com.st.stm32cube.ide.mcu.externaltools.gnu-tools-for-stm32.9-2020-q2-update.win32_2.0.0.202105311346/tools/bin/../lib/gcc/arm-none-eabi/9.3.1/../../../../arm-none-eabi/lib/thumb/v7-m/nofp\libc_nano.a(lib_a-init.o)
