main.c:39:6:printmsg	96	static
main.c:51:5:main	8	static
main.c:91:6:SystemClockConfig	80	static
main.c:164:6:Error_handler	4	static
main.c:174:6:GPIO_Init	64	static
main.c:209:6:MX_USART2_UART_Init	8	static
main.c:237:6:HAL_GPIO_EXTI_Callback	16	static
main.c:247:6:CAN_Init	8	static
main.c:274:6:CAN_Tx	48	static
main.c:297:6:CAN_Rx	48	static
main.c:315:6:CAN_Filter_Config	48	static
main.c:341:7:HAL_CAN_TxMailbox0CompleteCallback	16	static
main.c:352:7:HAL_CAN_TxMailbox1CompleteCallback	16	static
main.c:363:7:HAL_CAN_TxMailbox2CompleteCallback	16	static
main.c:367:7:HAL_CAN_RxFifo0MsgPendingCallback	56	static
main.c:386:7:HAL_CAN_ErrorCallback	16	static
