10:04:46 **** Incremental Build of configuration Debug for project CAN_LoopBack ****
make -j12 all 
arm-none-eabi-gcc "../Core/Src/main.c" -mcpu=cortex-m3 -std=gnu11 -g3 -DDEBUG -DUSE_HAL_DRIVER -DSTM32F103xB -c -I../Core/Inc -I../Drivers/STM32F1xx_HAL_Driver/Inc -I../Drivers/STM32F1xx_HAL_Driver/Inc/Legacy -I../Drivers/CMSIS/Device/ST/STM32F1xx/Include -I../Drivers/CMSIS/Include -O0 -ffunction-sections -fdata-sections -Wall -fstack-usage -MMD -MP -MF"Core/Src/main.d" -MT"Core/Src/main.o" --specs=nano.specs -mfloat-abi=soft -mthumb -o "Core/Src/main.o"
arm-none-eabi-gcc -o "CAN_LoopBack.elf" @"objects.list"   -mcpu=cortex-m3 -T"D:\stm322\CAN_LoopBack\STM32F103C8TX_FLASH.ld" --specs=nosys.specs -Wl,-Map="CAN_LoopBack.map" -Wl,--gc-sections -static --specs=nano.specs -mfloat-abi=soft -mthumb -Wl,--start-group -lc -lm -Wl,--end-group
Finished building target: CAN_LoopBack.elf
 
arm-none-eabi-size   CAN_LoopBack.elf 
arm-none-eabi-objdump -h -S  CAN_LoopBack.elf  > "CAN_LoopBack.list"
arm-none-eabi-objcopy  -O ihex  CAN_LoopBack.elf  "CAN_LoopBack.hex"
   text	   data	    bss	    dec	    hex	filename
  11692	    120	   1712	  13524	   34d4	CAN_LoopBack.elf
arm-none-eabi-objcopy  -O binary  CAN_LoopBack.elf  "CAN_LoopBack.bin"
Finished building: default.size.stdout
 
Finished building: CAN_LoopBack.hex
Finished building: CAN_LoopBack.bin
 
Finished building: CAN_LoopBack.list
 
 

10:04:47 Build Finished. 0 errors, 0 warnings. (took 678ms)

