11:01:18 **** Incremental Build of configuration Debug for project CAN_LoopBack_IT ****
make -j12 all 
arm-none-eabi-gcc "../Core/Src/main.c" -mcpu=cortex-m3 -std=gnu11 -g3 -DDEBUG -DUSE_HAL_DRIVER -DSTM32F103xB -c -I../Core/Inc -I../Drivers/STM32F1xx_HAL_Driver/Inc -I../Drivers/STM32F1xx_HAL_Driver/Inc/Legacy -I../Drivers/CMSIS/Device/ST/STM32F1xx/Include -I../Drivers/CMSIS/Include -O0 -ffunction-sections -fdata-sections -Wall -fstack-usage -MMD -MP -MF"Core/Src/main.d" -MT"Core/Src/main.o" --specs=nano.specs -mfloat-abi=soft -mthumb -o "Core/Src/main.o"
arm-none-eabi-gcc -o "CAN_LoopBack_IT.elf" @"objects.list"   -mcpu=cortex-m3 -T"D:\stm322\CAN_LoopBack_IT\STM32F103C8TX_FLASH.ld" --specs=nosys.specs -Wl,-Map="CAN_LoopBack_IT.map" -Wl,--gc-sections -static --specs=nano.specs -mfloat-abi=soft -mthumb -Wl,--start-group -lc -lm -Wl,--end-group
Finished building target: CAN_LoopBack_IT.elf
 
arm-none-eabi-size   CAN_LoopBack_IT.elf 
arm-none-eabi-objdump -h -S  CAN_LoopBack_IT.elf  > "CAN_LoopBack_IT.list"
arm-none-eabi-objcopy  -O ihex  CAN_LoopBack_IT.elf  "CAN_LoopBack_IT.hex"
   text	   data	    bss	    dec	    hex	filename
  13028	    120	   1712	  14860	   3a0c	CAN_LoopBack_IT.elf
arm-none-eabi-objcopy  -O binary  CAN_LoopBack_IT.elf  "CAN_LoopBack_IT.bin"
Finished building: default.size.stdout
 
Finished building: CAN_LoopBack_IT.hex
Finished building: CAN_LoopBack_IT.bin
 
Finished building: CAN_LoopBack_IT.list
 
 

11:01:19 Build Finished. 0 errors, 0 warnings. (took 677ms)

