15:13:46 **** Incremental Build of configuration Debug for project time_base_100ms_IT ****
make -j12 all 
arm-none-eabi-gcc "../Core/Src/main.c" -mcpu=cortex-m3 -std=gnu11 -g3 -DDEBUG -DUSE_HAL_DRIVER -DSTM32F103xB -c -I../Core/Inc -I../Drivers/STM32F1xx_HAL_Driver/Inc -I../Drivers/STM32F1xx_HAL_Driver/Inc/Legacy -I../Drivers/CMSIS/Device/ST/STM32F1xx/Include -I../Drivers/CMSIS/Include -O0 -ffunction-sections -fdata-sections -Wall -fstack-usage -MMD -MP -MF"Core/Src/main.d" -MT"Core/Src/main.o" --specs=nano.specs -mfloat-abi=soft -mthumb -o "Core/Src/main.o"
arm-none-eabi-gcc -o "time_base_100ms_IT.elf" @"objects.list"   -mcpu=cortex-m3 -T"D:\stm322\time_base_100ms_IT\STM32F103C8TX_FLASH.ld" --specs=nosys.specs -Wl,-Map="time_base_100ms_IT.map" -Wl,--gc-sections -static --specs=nano.specs -mfloat-abi=soft -mthumb -Wl,--start-group -lc -lm -Wl,--end-group
Finished building target: time_base_100ms_IT.elf
 
arm-none-eabi-size   time_base_100ms_IT.elf 
arm-none-eabi-objdump -h -S  time_base_100ms_IT.elf  > "time_base_100ms_IT.list"
arm-none-eabi-objcopy  -O ihex  time_base_100ms_IT.elf  "time_base_100ms_IT.hex"
   text	   data	    bss	    dec	    hex	filename
   3676	     20	   1644	   5340	   14dc	time_base_100ms_IT.elf
arm-none-eabi-objcopy  -O binary  time_base_100ms_IT.elf  "time_base_100ms_IT.bin"
Finished building: default.size.stdout
 
Finished building: time_base_100ms_IT.hex
Finished building: time_base_100ms_IT.list
Finished building: time_base_100ms_IT.bin
 
 
 

15:13:48 Build Finished. 0 errors, 0 warnings. (took 1s.424ms)

